// Jest Snapshot v1, https://jestjs.io/docs/snapshot-testing

exports[`PropertyDetailPageFeaturesCard matches snapshot 1`] = `
<DocumentFragment>
  <div
    data-testid="card"
  >
    <div
      class="p-6"
      data-testid="card-content"
    >
      <h2
        class="mb-4 font-serif text-2xl font-semibold text-foreground"
      >
        Premium Features
      </h2>
      <div
        class="flex flex-wrap gap-2"
      >
        <span
          class="px-4 py-2 text-sm"
          data-testid="badge"
          variant="secondary"
        >
          Balcony
        </span>
        <span
          class="px-4 py-2 text-sm"
          data-testid="badge"
          variant="secondary"
        >
          WiFi
        </span>
      </div>
    </div>
  </div>
</DocumentFragment>
`;
